// Jest Snapshot v1, https://goo.gl/fbAQLP

exports[`buildImportItems 1`] = `
Array [
  Object {
    "absImportPath": "/Users/ericbiewener/Active Projects/vandelay/vandelay-js/test/es5/src2/file1.js",
    "description": "src2/file1",
    "exportType": 1,
    "isExtraImport": undefined,
    "label": "src2_file1_1",
  },
  Object {
    "absImportPath": "/Users/ericbiewener/Active Projects/vandelay/vandelay-js/test/es5/module1",
    "description": "module1",
    "exportType": 0,
    "isExtraImport": true,
    "label": "defaultModule1",
  },
  Object {
    "absImportPath": "/Users/ericbiewener/Active Projects/vandelay/vandelay-js/test/es5/module1_file2",
    "description": "module1_file2",
    "exportType": 0,
    "isExtraImport": true,
    "label": "defaultModule_file2",
  },
  Object {
    "absImportPath": "/Users/ericbiewener/Active Projects/vandelay/vandelay-js/test/es5/module2",
    "description": "module2",
    "exportType": 1,
    "isExtraImport": true,
    "label": "module2_1",
  },
  Object {
    "absImportPath": "/Users/ericbiewener/Active Projects/vandelay/vandelay-js/test/es5/module2",
    "description": "module2",
    "exportType": 1,
    "isExtraImport": true,
    "label": "module2_2 as module2_2_renamed",
  },
  Object {
    "absImportPath": "/Users/ericbiewener/Active Projects/vandelay/vandelay-js/test/es5/module2",
    "description": "module2",
    "exportType": 1,
    "isExtraImport": true,
    "label": "module2_3",
  },
  Object {
    "absImportPath": "/Users/ericbiewener/Active Projects/vandelay/vandelay-js/test/es5/module2",
    "description": "module2",
    "exportType": 1,
    "isExtraImport": true,
    "label": "module2_src2_1",
  },
  Object {
    "absImportPath": "/Users/ericbiewener/Active Projects/vandelay/vandelay-js/test/es5/module2",
    "description": "module2",
    "exportType": 2,
    "isExtraImport": true,
    "label": "module2_t_1",
  },
  Object {
    "absImportPath": "/Users/ericbiewener/Active Projects/vandelay/vandelay-js/test/es5/src1/file2.js",
    "description": "src1/file2",
    "exportType": 1,
    "isExtraImport": undefined,
    "label": "src1_file2_1",
  },
  Object {
    "absImportPath": "/Users/ericbiewener/Active Projects/vandelay/vandelay-js/test/es5/src1/file2.js",
    "description": "src1/file2",
    "exportType": 1,
    "isExtraImport": undefined,
    "label": "src1_file2_2",
  },
  Object {
    "absImportPath": "/Users/ericbiewener/Active Projects/vandelay/vandelay-js/test/es5/src1/file2.js",
    "description": "src1/file2",
    "exportType": 1,
    "isExtraImport": undefined,
    "label": "src1_file2_3",
  },
  Object {
    "absImportPath": "/Users/ericbiewener/Active Projects/vandelay/vandelay-js/test/es5/src1/file2.js",
    "description": "src1/file2",
    "exportType": 1,
    "isExtraImport": undefined,
    "label": "src1_file2_4",
  },
  Object {
    "absImportPath": "/Users/ericbiewener/Active Projects/vandelay/vandelay-js/test/es5/src1/file2.js",
    "description": "src1/file2",
    "exportType": 1,
    "isExtraImport": undefined,
    "label": "src1_file2_5",
  },
  Object {
    "absImportPath": "/Users/ericbiewener/Active Projects/vandelay/vandelay-js/test/es5/src1/file2.js",
    "description": "src1/file2",
    "exportType": 1,
    "isExtraImport": undefined,
    "label": "src1_file2_t_1",
  },
  Object {
    "absImportPath": "/Users/ericbiewener/Active Projects/vandelay/vandelay-js/test/es5/src1/file2.js",
    "description": "src1/file2",
    "exportType": 1,
    "isExtraImport": undefined,
    "label": "src1_file2_t_2",
  },
  Object {
    "absImportPath": "/Users/ericbiewener/Active Projects/vandelay/vandelay-js/test/es5/src1/file3.js",
    "description": "src1/file3",
    "exportType": 0,
    "isExtraImport": undefined,
    "label": "file3",
  },
  Object {
    "absImportPath": "/Users/ericbiewener/Active Projects/vandelay/vandelay-js/test/es5/src1/subdir/file1.js",
    "description": "src1/subdir/file1",
    "exportType": 1,
    "isExtraImport": undefined,
    "label": "src1_subdir_file1_1",
  },
]
`;

exports[`buildImportItems 2`] = `
Array [
  Object {
    "absImportPath": "/Users/ericbiewener/Active Projects/vandelay/vandelay-js/test/es5/module1",
    "description": "module1",
    "exportType": 0,
    "isExtraImport": true,
    "label": "defaultModule1",
  },
  Object {
    "absImportPath": "/Users/ericbiewener/Active Projects/vandelay/vandelay-js/test/es5/module1_file2",
    "description": "module1_file2",
    "exportType": 0,
    "isExtraImport": true,
    "label": "defaultModule_file2",
  },
  Object {
    "absImportPath": "/Users/ericbiewener/Active Projects/vandelay/vandelay-js/test/es5/module2",
    "description": "module2",
    "exportType": 1,
    "isExtraImport": true,
    "label": "module2_1",
  },
  Object {
    "absImportPath": "/Users/ericbiewener/Active Projects/vandelay/vandelay-js/test/es5/module2",
    "description": "module2",
    "exportType": 1,
    "isExtraImport": true,
    "label": "module2_2 as module2_2_renamed",
  },
  Object {
    "absImportPath": "/Users/ericbiewener/Active Projects/vandelay/vandelay-js/test/es5/module2",
    "description": "module2",
    "exportType": 1,
    "isExtraImport": true,
    "label": "module2_3",
  },
  Object {
    "absImportPath": "/Users/ericbiewener/Active Projects/vandelay/vandelay-js/test/es5/module2",
    "description": "module2",
    "exportType": 1,
    "isExtraImport": true,
    "label": "module2_src2_1",
  },
  Object {
    "absImportPath": "/Users/ericbiewener/Active Projects/vandelay/vandelay-js/test/es5/module2",
    "description": "module2",
    "exportType": 2,
    "isExtraImport": true,
    "label": "module2_t_1",
  },
  Object {
    "absImportPath": "/Users/ericbiewener/Active Projects/vandelay/vandelay-js/test/es5/src1/file1.js",
    "description": "src1/file1",
    "exportType": 1,
    "isExtraImport": undefined,
    "label": "src1_file1_1",
  },
  Object {
    "absImportPath": "/Users/ericbiewener/Active Projects/vandelay/vandelay-js/test/es5/src1/file1.js",
    "description": "src1/file1",
    "exportType": 1,
    "isExtraImport": undefined,
    "label": "src1_file1_2",
  },
  Object {
    "absImportPath": "/Users/ericbiewener/Active Projects/vandelay/vandelay-js/test/es5/src1/file1.js",
    "description": "src1/file1",
    "exportType": 1,
    "isExtraImport": undefined,
    "label": "src1_file1_3",
  },
  Object {
    "absImportPath": "/Users/ericbiewener/Active Projects/vandelay/vandelay-js/test/es5/src1/file1.js",
    "description": "src1/file1",
    "exportType": 1,
    "isExtraImport": undefined,
    "label": "src1_file1_4",
  },
  Object {
    "absImportPath": "/Users/ericbiewener/Active Projects/vandelay/vandelay-js/test/es5/src1/file1.js",
    "description": "src1/file1",
    "exportType": 1,
    "isExtraImport": undefined,
    "label": "src1_file1_5",
  },
  Object {
    "absImportPath": "/Users/ericbiewener/Active Projects/vandelay/vandelay-js/test/es5/src1/file1.js",
    "description": "src1/file1",
    "exportType": 1,
    "isExtraImport": undefined,
    "label": "src1_file1_t_1",
  },
  Object {
    "absImportPath": "/Users/ericbiewener/Active Projects/vandelay/vandelay-js/test/es5/src1/file1.js",
    "description": "src1/file1",
    "exportType": 1,
    "isExtraImport": undefined,
    "label": "src1_file1_t_2",
  },
  Object {
    "absImportPath": "/Users/ericbiewener/Active Projects/vandelay/vandelay-js/test/es5/src1/file1.js",
    "description": "src1/file1",
    "exportType": 1,
    "isExtraImport": undefined,
    "label": "src1_file1_other1",
  },
  Object {
    "absImportPath": "/Users/ericbiewener/Active Projects/vandelay/vandelay-js/test/es5/src1/file1.js",
    "description": "src1/file1",
    "exportType": 1,
    "isExtraImport": undefined,
    "label": "src1_file1_other2",
  },
  Object {
    "absImportPath": "/Users/ericbiewener/Active Projects/vandelay/vandelay-js/test/es5/src1/file2.js",
    "description": "src1/file2",
    "exportType": 1,
    "isExtraImport": undefined,
    "label": "src1_file2_1",
  },
  Object {
    "absImportPath": "/Users/ericbiewener/Active Projects/vandelay/vandelay-js/test/es5/src1/file2.js",
    "description": "src1/file2",
    "exportType": 1,
    "isExtraImport": undefined,
    "label": "src1_file2_2",
  },
  Object {
    "absImportPath": "/Users/ericbiewener/Active Projects/vandelay/vandelay-js/test/es5/src1/file2.js",
    "description": "src1/file2",
    "exportType": 1,
    "isExtraImport": undefined,
    "label": "src1_file2_3",
  },
  Object {
    "absImportPath": "/Users/ericbiewener/Active Projects/vandelay/vandelay-js/test/es5/src1/file2.js",
    "description": "src1/file2",
    "exportType": 1,
    "isExtraImport": undefined,
    "label": "src1_file2_4",
  },
  Object {
    "absImportPath": "/Users/ericbiewener/Active Projects/vandelay/vandelay-js/test/es5/src1/file2.js",
    "description": "src1/file2",
    "exportType": 1,
    "isExtraImport": undefined,
    "label": "src1_file2_5",
  },
  Object {
    "absImportPath": "/Users/ericbiewener/Active Projects/vandelay/vandelay-js/test/es5/src1/file2.js",
    "description": "src1/file2",
    "exportType": 1,
    "isExtraImport": undefined,
    "label": "src1_file2_t_1",
  },
  Object {
    "absImportPath": "/Users/ericbiewener/Active Projects/vandelay/vandelay-js/test/es5/src1/file2.js",
    "description": "src1/file2",
    "exportType": 1,
    "isExtraImport": undefined,
    "label": "src1_file2_t_2",
  },
  Object {
    "absImportPath": "/Users/ericbiewener/Active Projects/vandelay/vandelay-js/test/es5/src1/file3.js",
    "description": "src1/file3",
    "exportType": 0,
    "isExtraImport": undefined,
    "label": "file3",
  },
  Object {
    "absImportPath": "/Users/ericbiewener/Active Projects/vandelay/vandelay-js/test/es5/src1/subdir/file1.js",
    "description": "src1/subdir/file1",
    "exportType": 1,
    "isExtraImport": undefined,
    "label": "src1_subdir_file1_1",
  },
]
`;

exports[`buildTypeImportItems 1`] = `
Array [
  Object {
    "absImportPath": "/Users/ericbiewener/Active Projects/vandelay/vandelay-js/test/es5/module2",
    "description": "module2",
    "exportType": 2,
    "isExtraImport": true,
    "label": "module2_t_1",
  },
]
`;

exports[`import - comment with code right after - original order 1`] = `
"// I'm a comment
const defaultModule1 = require('module1')
const defaultModule_file2 = require('module1_file2')
const { module2_1, module2_2 as module2_2_renamed, module2_3, module2_src2_1, type module2_t_1
} = require('module2')
const { src2_file1_1 } = require('../src2/file1')
const { src1_file2_1, src1_file2_2, src1_file2_3, src1_file2_4, src1_file2_5, src1_file2_t_1,
  src1_file2_t_2 } = require('./file2')
const file3 = require('./file3')
const { src1_subdir_file1_1 } = require('./subdir/file1')

const foo = 1
"
`;

exports[`import - comment with linebreak and code - original order 1`] = `
"// I'm a comment
const defaultModule1 = require('module1')
const defaultModule_file2 = require('module1_file2')
const { module2_1, module2_2 as module2_2_renamed, module2_3, module2_src2_1, type module2_t_1
} = require('module2')
const { src2_file1_1 } = require('../src2/file1')
const { src1_file2_1, src1_file2_2, src1_file2_3, src1_file2_4, src1_file2_5, src1_file2_t_1,
  src1_file2_t_2 } = require('./file2')
const file3 = require('./file3')
const { src1_subdir_file1_1 } = require('./subdir/file1')

const foo = 1
"
`;

exports[`import - empty - original order 1`] = `
"const defaultModule1 = require('module1')
const defaultModule_file2 = require('module1_file2')
const { module2_1, module2_2 as module2_2_renamed, module2_3, module2_src2_1, type module2_t_1
} = require('module2')
const { src2_file1_1 } = require('../src2/file1')
const { src1_file2_1, src1_file2_2, src1_file2_3, src1_file2_4, src1_file2_5, src1_file2_t_1,
  src1_file2_t_2 } = require('./file2')
const file3 = require('./file3')
const { src1_subdir_file1_1 } = require('./subdir/file1')
"
`;

exports[`import - has code - original order 1`] = `
"const defaultModule1 = require('module1')
const defaultModule_file2 = require('module1_file2')
const { module2_1, module2_2 as module2_2_renamed, module2_3, module2_src2_1, type module2_t_1
} = require('module2')
const { src2_file1_1 } = require('../src2/file1')
const { src1_file2_1, src1_file2_2, src1_file2_3, src1_file2_4, src1_file2_5, src1_file2_t_1,
  src1_file2_t_2 } = require('./file2')
const file3 = require('./file3')
const { src1_subdir_file1_1 } = require('./subdir/file1')

const foo = 1
"
`;

exports[`import - importGroups 1`] = `
"const { module2_1, module2_2 as module2_2_renamed, module2_3, module2_src2_1, type module2_t_1
} = require('module2')
const defaultModule1 = require('module1')
const defaultModule_file2 = require('module1_file2')
const { src2_file1_1 } = require('../src2/file1')
const { src1_file2_1, src1_file2_2, src1_file2_3, src1_file2_4, src1_file2_5, src1_file2_t_1,
  src1_file2_t_2 } = require('./file2')
const file3 = require('./file3')
const { src1_subdir_file1_1 } = require('./subdir/file1')
"
`;

exports[`import - maxImportLineLength 1`] = `
"const defaultModule1 = require('module1')
const defaultModule_file2 = require('module1_file2')
const { module2_1,
  module2_2 as module2_2_renamed, module2_3,
  module2_src2_1, type module2_t_1
} = require('module2')
const { src2_file1_1
} = require('../src2/file1')
const { src1_file2_1, src1_file2_2,
  src1_file2_3, src1_file2_4, src1_file2_5,
  src1_file2_t_1, src1_file2_t_2
} = require('./file2')
const file3 = require('./file3')
const { src1_subdir_file1_1
} = require('./subdir/file1')
"
`;

exports[`import - multiline comment - original order 1`] = `
"/*
I'm a comment
With multiple lines
*/
const defaultModule1 = require('module1')
const defaultModule_file2 = require('module1_file2')
const { module2_1, module2_2 as module2_2_renamed, module2_3, module2_src2_1, type module2_t_1
} = require('module2')
const { src2_file1_1 } = require('../src2/file1')
const { src1_file2_1, src1_file2_2, src1_file2_3, src1_file2_4, src1_file2_5, src1_file2_t_1,
  src1_file2_t_2 } = require('./file2')
const file3 = require('./file3')
const { src1_subdir_file1_1 } = require('./subdir/file1')
"
`;

exports[`import - multilineImportStyle = single 1`] = `
"const defaultModule1 = require('module1')
const defaultModule_file2 = require('module1_file2')
const {
  module2_1,
  module2_2 as module2_2_renamed,
  module2_3,
  module2_src2_1,
  type module2_t_1,
} = require('module2')
const { src2_file1_1 } = require('../src2/file1')
const {
  src1_file2_1,
  src1_file2_2,
  src1_file2_3,
  src1_file2_4,
  src1_file2_5,
  src1_file2_t_1,
  src1_file2_t_2,
} = require('./file2')
const file3 = require('./file3')
const { src1_subdir_file1_1 } = require('./subdir/file1')
"
`;

exports[`import - nonModulePaths 1`] = `
"const defaultModule1 = require('module1')
const defaultModule_file2 = require('module1_file2')
const { module2_1, module2_2 as module2_2_renamed, module2_3, module2_src2_1, type module2_t_1
} = require('module2')
const { src1_file2_1, src1_file2_2, src1_file2_3, src1_file2_4, src1_file2_5, src1_file2_t_1,
  src1_file2_t_2 } = require('file2')
const file3 = require('file3')
const { src2_file1_1 } = require('../src2/file1')
const { src1_subdir_file1_1 } = require('./subdir/file1')
"
`;

exports[`import - padCurlyBraces = false 1`] = `
"const defaultModule1 = require('module1')
const defaultModule_file2 = require('module1_file2')
const {module2_1, module2_2 as module2_2_renamed, module2_3, module2_src2_1, type module2_t_1
} = require('module2')
const {src2_file1_1} = require('../src2/file1')
const {src1_file2_1, src1_file2_2, src1_file2_3, src1_file2_4, src1_file2_5, src1_file2_t_1,
  src1_file2_t_2} = require('./file2')
const file3 = require('./file3')
const {src1_subdir_file1_1} = require('./subdir/file1')
"
`;

exports[`import - preferTypeOutside = true 1`] = `
"const defaultModule1 = require('module1')
const defaultModule_file2 = require('module1_file2')
const { module2_1, module2_2 as module2_2_renamed, module2_3, module2_src2_1,
  type module2_t_1 } = require('module2')
const { src2_file1_1 } = require('../src2/file1')
const { src1_file2_1, src1_file2_2, src1_file2_3, src1_file2_4, src1_file2_5, src1_file2_t_1,
  src1_file2_t_2 } = require('./file2')
const file3 = require('./file3')
const { src1_subdir_file1_1 } = require('./subdir/file1')
"
`;

exports[`import - processImportPath 1`] = `
"const defaultModule1 = require('module1')
const defaultModule_file2 = require('module1_file2')
const { module2_1, module2_2 as module2_2_renamed, module2_3, module2_src2_1, type module2_t_1
} = require('module2')
const { src2_file1_1 } = require('../src2/FILE1')
const { src1_file2_1, src1_file2_2, src1_file2_3, src1_file2_4, src1_file2_5, src1_file2_t_1,
  src1_file2_t_2 } = require('./file2')
const file3 = require('./file3')
const { src1_subdir_file1_1 } = require('./subdir/FILE1')
"
`;

exports[`import - processImportPath 2`] = `
Array [
  "./file2.js",
  "absRoot/src1/file2.js",
  "absRoot/src1/file1.js",
  "absRoot",
]
`;

exports[`import - shouldIncludeImport 1`] = `
"const { src2_file1_1 } = require('../src2/file1')
const { src1_subdir_file1_1 } = require('./subdir/file1')
"
`;

exports[`import - shouldIncludeImport 2`] = `
Array [
  "absRoot/src2/file1.js",
  "absRoot/src1/file1.js",
]
`;

exports[`import - single line comment - original order 1`] = `
"// I'm a comment
const defaultModule1 = require('module1')
const defaultModule_file2 = require('module1_file2')
const { module2_1, module2_2 as module2_2_renamed, module2_3, module2_src2_1, type module2_t_1
} = require('module2')
const { src2_file1_1 } = require('../src2/file1')
const { src1_file2_1, src1_file2_2, src1_file2_3, src1_file2_4, src1_file2_5, src1_file2_t_1,
  src1_file2_t_2 } = require('./file2')
const file3 = require('./file3')
const { src1_subdir_file1_1 } = require('./subdir/file1')
"
`;

exports[`import - src1/subdir/file1.js - original order 1`] = `
"const defaultModule1 = require('module1')
const defaultModule_file2 = require('module1_file2')
const { module2_1, module2_2 as module2_2_renamed, module2_3, module2_src2_1, type module2_t_1
} = require('module2')
const { src2_file1_1 } = require('../../src2/file1')
const { src1_file1_1, src1_file1_2, src1_file1_3, src1_file1_4, src1_file1_5, src1_file1_other1,
  src1_file1_other2, src1_file1_t_1, src1_file1_t_2 } = require('../file1')
const { src1_file2_1, src1_file2_2, src1_file2_3, src1_file2_4, src1_file2_5, src1_file2_t_1,
  src1_file2_t_2 } = require('../file2')
const file3 = require('../file3')
"
`;

exports[`import - src2/file1.js - original order 1`] = `
"const defaultModule1 = require('module1')
const defaultModule_file2 = require('module1_file2')
const { module2_1, module2_2 as module2_2_renamed, module2_3, module2_src2_1, type module2_t_1
} = require('module2')
const { src1_file1_1, src1_file1_2, src1_file1_3, src1_file1_4, src1_file1_5, src1_file1_other1,
  src1_file1_other2, src1_file1_t_1, src1_file1_t_2 } = require('../src1/file1')
const { src1_file2_1, src1_file2_2, src1_file2_3, src1_file2_4, src1_file2_5, src1_file2_t_1,
  src1_file2_t_2 } = require('../src1/file2')
const file3 = require('../src1/file3')
const { src1_subdir_file1_1 } = require('../src1/subdir/file1')
"
`;

exports[`import - trailingComma = false 1`] = `
"const defaultModule1 = require('module1')
const defaultModule_file2 = require('module1_file2')
const {
  module2_1,
  module2_2 as module2_2_renamed,
  module2_3,
  module2_src2_1,
  type module2_t_1
} = require('module2')
const { src2_file1_1 } = require('../src2/file1')
const {
  src1_file2_1,
  src1_file2_2,
  src1_file2_3,
  src1_file2_4,
  src1_file2_5,
  src1_file2_t_1,
  src1_file2_t_2
} = require('./file2')
const file3 = require('./file3')
const { src1_subdir_file1_1 } = require('./subdir/file1')
"
`;

exports[`import - useSemicolons = false 1`] = `
"const defaultModule1 = require('module1')
const defaultModule_file2 = require('module1_file2')
const { module2_1, module2_2 as module2_2_renamed, module2_3, module2_src2_1, type module2_t_1
} = require('module2')
const { src2_file1_1 } = require('../src2/file1')
const { src1_file2_1, src1_file2_2, src1_file2_3, src1_file2_4, src1_file2_5, src1_file2_t_1,
  src1_file2_t_2 } = require('./file2')
const file3 = require('./file3')
const { src1_subdir_file1_1 } = require('./subdir/file1')
"
`;

exports[`import - useSingleQuotes = false 1`] = `
"const defaultModule1 = require(\\"module1\\")
const defaultModule_file2 = require(\\"module1_file2\\")
const { module2_1, module2_2 as module2_2_renamed, module2_3, module2_src2_1, type module2_t_1
} = require(\\"module2\\")
const { src2_file1_1 } = require(\\"../src2/file1\\")
const { src1_file2_1, src1_file2_2, src1_file2_3, src1_file2_4, src1_file2_5, src1_file2_t_1,
  src1_file2_t_2 } = require(\\"./file2\\")
const file3 = require(\\"./file3\\")
const { src1_subdir_file1_1 } = require(\\"./subdir/file1\\")
"
`;
